TestNomad_BadExpect (21.51s)
    serf_test.go:323: should have 0 peers: 2
    * Running 400 times by itself it never failed

Solved: TestNomad_ReapPeer (20.99s) x2
Solved: TestNomad_BootstrapExpect
Solved: TestLeader_LeftServer (21.31s) x3
Solved: TestResetHeartbeatTimerLocked_Renew
Solved: TestVaultClient_LookupToken_RateLimit x2
